../STM32_WPAN/App/custom_stm.c:92:7:myTask	8	static
../STM32_WPAN/App/custom_stm.c:139:30:Custom_STM_Event_Handler	56	static
../STM32_WPAN/App/custom_stm.c:293:6:SVCCTL_InitCustomSvc	56	static
../STM32_WPAN/App/custom_stm.c:410:12:Custom_STM_App_Update_Char	32	static
../STM32_WPAN/App/custom_stm.c:476:12:Custom_STM_App_Update_Char_Variable_Length	32	static
../STM32_WPAN/App/custom_stm.c:542:12:Custom_STM_App_Update_Char_Ext	40	static
../STM32_WPAN/App/custom_stm.c:595:19:Generic_STM_App_Update_Char_Ext	48	static
