16:13:43 **** Incremental Build of configuration Debug for project BLE_1 ****
make -j8 all 
arm-none-eabi-gcc "../Core/Src/main.c" -mcpu=cortex-m4 -std=gnu11 -g3 -DDEBUG -DUSE_HAL_DRIVER -DSTM32WB5Mxx -c -I../Core/Inc -I../STM32_WPAN/App -I../USB_Device/App -I../USB_Device/Target -I../Drivers/STM32WBxx_HAL_Driver/Inc -I../Drivers/STM32WBxx_HAL_Driver/Inc/Legacy -I../Utilities/lpm/tiny_lpm -I../Middlewares/ST/STM32_WPAN -I../Middlewares/ST/STM32_WPAN/interface/patterns/ble_thread -I../Middlewares/ST/STM32_WPAN/interface/patterns/ble_thread/tl -I../Middlewares/ST/STM32_WPAN/interface/patterns/ble_thread/shci -I../Middlewares/ST/STM32_WPAN/utilities -I../Middlewares/ST/STM32_WPAN/ble/core -I../Middlewares/ST/STM32_WPAN/ble/core/auto -I../Middlewares/ST/STM32_WPAN/ble/core/template -I../Middlewares/ST/STM32_WPAN/ble/svc/Inc -I../Middlewares/ST/STM32_WPAN/ble/svc/Src -I../Middlewares/ST/STM32_USB_Device_Library/Core/Inc -I../Middlewares/ST/STM32_USB_Device_Library/Class/CDC/Inc -I../Drivers/CMSIS/Device/ST/STM32WBxx/Include -I../Utilities/sequencer -I../Middlewares/ST/STM32_WPAN/ble -I../Drivers/CMSIS/Include -O0 -ffunction-sections -fdata-sections -Wall -fstack-usage -fcyclomatic-complexity -MMD -MP -MF"Core/Src/main.d" -MT"Core/Src/main.o" --specs=nano.specs -mfpu=fpv4-sp-d16 -mfloat-abi=hard -mthumb -o "Core/Src/main.o"
arm-none-eabi-gcc -o "BLE_1.elf" @"objects.list"   -mcpu=cortex-m4 -T"D:\STM32 BLE\BLE_1\STM32WB5MMGHX_FLASH.ld" --specs=nosys.specs -Wl,-Map="BLE_1.map" -Wl,--gc-sections -static --specs=nano.specs -mfpu=fpv4-sp-d16 -mfloat-abi=hard -mthumb -Wl,--start-group -lc -lm -Wl,--end-group
Finished building target: BLE_1.elf
 
arm-none-eabi-size  BLE_1.elf 
arm-none-eabi-objdump -h -S BLE_1.elf  > "BLE_1.list"
   text	   data	    bss	    dec	    hex	filename
  55816	   2541	   9347	  67704	  10878	BLE_1.elf
Finished building: default.size.stdout
 
Finished building: BLE_1.list
 

16:13:44 Build Finished. 0 errors, 0 warnings. (took 1s.285ms)

