13:25:15 **** Incremental Build of configuration Debug for project STM_Client ****
make -j8 all 
arm-none-eabi-gcc "../Core/Src/main.c" -mcpu=cortex-m4 -std=gnu11 -g3 -DDEBUG -DUSE_HAL_DRIVER -DSTM32WB5Mxx -c -I../Core/Inc -I../STM32_WPAN/App -I../USB_Device/App -I../USB_Device/Target -I../Drivers/STM32WBxx_HAL_Driver/Inc -I../Drivers/STM32WBxx_HAL_Driver/Inc/Legacy -I../Utilities/lpm/tiny_lpm -I../Middlewares/ST/STM32_WPAN -I../Middlewares/ST/STM32_WPAN/interface/patterns/ble_thread -I../Middlewares/ST/STM32_WPAN/interface/patterns/ble_thread/tl -I../Middlewares/ST/STM32_WPAN/interface/patterns/ble_thread/shci -I../Middlewares/ST/STM32_WPAN/utilities -I../Middlewares/ST/STM32_WPAN/ble/core -I../Middlewares/ST/STM32_WPAN/ble/core/auto -I../Middlewares/ST/STM32_WPAN/ble/core/template -I../Middlewares/ST/STM32_WPAN/ble/svc/Inc -I../Middlewares/ST/STM32_WPAN/ble/svc/Src -I../Middlewares/ST/STM32_USB_Device_Library/Core/Inc -I../Middlewares/ST/STM32_USB_Device_Library/Class/CDC/Inc -I../Drivers/CMSIS/Device/ST/STM32WBxx/Include -I../Utilities/sequencer -I../Middlewares/ST/STM32_WPAN/ble -I../Drivers/CMSIS/Include -O0 -ffunction-sections -fdata-sections -Wall -fstack-usage -fcyclomatic-complexity -MMD -MP -MF"Core/Src/main.d" -MT"Core/Src/main.o" --specs=nano.specs -mfpu=fpv4-sp-d16 -mfloat-abi=hard -mthumb -o "Core/Src/main.o"
arm-none-eabi-gcc -o "STM_Client.elf" @"objects.list"   -mcpu=cortex-m4 -T"D:\STM32 BLE\STM_Client\STM32WB5MMGHX_FLASH.ld" --specs=nosys.specs -Wl,-Map="STM_Client.map" -Wl,--gc-sections -static --specs=nano.specs -mfpu=fpv4-sp-d16 -mfloat-abi=hard -mthumb -Wl,--start-group -lc -lm -Wl,--end-group
Finished building target: STM_Client.elf
 
arm-none-eabi-size  STM_Client.elf 
arm-none-eabi-objdump -h -S STM_Client.elf  > "STM_Client.list"
   text	   data	    bss	    dec	    hex	filename
  68256	   2609	   9919	  80784	  13b90	STM_Client.elf
Finished building: default.size.stdout
 
Finished building: STM_Client.list
 
13:25:35 **** Incremental Build of configuration Debug for project STM_Client ****
make -j8 all 
arm-none-eabi-size  STM_Client.elf 
   text	   data	    bss	    dec	    hex	filename
  68256	   2609	   9919	  80784	  13b90	STM_Client.elf
Finished building: default.size.stdout
 
